\BOOKMARK [1][]{section*.1}{\376\377\000\332\000v\000o\000d}{}% 1
\BOOKMARK [1][]{section.3}{\376\377\000P\000r\000e\000h\001\076\000a\000d\000\040\000t\000e\000c\000h\000n\000o\000l\000\363\000g\000i\000\355\000\040\000p\000r\000e\000\040\000v\000\375\000v\000o\000j\000\040\000a\000p\000l\000i\000k\000\341\000c\000i\000\355\000\040\000a\000\040\000p\000r\000i\000e\000m\000y\000s\000e\000l\000n\000\372\000\040\000k\000o\000m\000u\000n\000i\000k\000\341\000c\000i\000u}{}% 2
\BOOKMARK [2][]{subsection.4}{\376\377\000F\000r\000o\000n\000t\000e\000n\000d\000o\000v\000\351\000\040\000t\000e\000c\000h\000n\000o\000l\000\363\000g\000i\000e}{section.3}% 3
\BOOKMARK [3][]{subsubsection.5}{\376\377\000N\000a\000t\000\355\000v\000n\000y\000\040\000v\000\375\000v\000o\000j\000\040\000\050\000K\000o\000t\000l\000i\000n\000,\000\040\000S\000w\000i\000f\000t\000\051}{subsection.4}% 4
\BOOKMARK [3][]{subsubsection.6}{\376\377\000R\000e\000a\000c\000t\000\040\000N\000a\000t\000i\000v\000e}{subsection.4}% 5
\BOOKMARK [3][]{subsubsection.7}{\376\377\000F\000l\000u\000t\000t\000e\000r}{subsection.4}% 6
\BOOKMARK [3][]{subsubsection.8}{\376\377\000W\000e\000b\000o\000v\000\351\000\040\000S\000i\000n\000g\000l\000e\000\040\000P\000a\000g\000e\000\040\000A\000p\000p\000l\000i\000c\000a\000t\000i\000o\000n\000s\000\040\000\050\000R\000e\000a\000c\000t\000,\000\040\000A\000n\000g\000u\000l\000a\000r\000,\000\040\000V\000u\000e\000\051}{subsection.4}% 7
\BOOKMARK [2][]{subsection.9}{\376\377\000B\000a\000c\000k\000e\000n\000d\000o\000v\000\351\000\040\000t\000e\000c\000h\000n\000o\000l\000\363\000g\000i\000e}{section.3}% 8
\BOOKMARK [3][]{subsubsection.10}{\376\377\000N\000o\000d\000e\000.\000j\000s\000\040\000a\000\040\000N\000e\000s\000t\000J\000S}{subsection.9}% 9
\BOOKMARK [3][]{subsubsection.11}{\376\377\000P\000y\000t\000h\000o\000n\000\040\000a\000\040\000F\000a\000s\000t\000A\000P\000I}{subsection.9}% 10
\BOOKMARK [3][]{subsubsection.12}{\376\377\000G\000o\000\040\000\050\000G\000o\000l\000a\000n\000g\000\051}{subsection.9}% 11
\BOOKMARK [2][]{subsection.13}{\376\377\000K\000o\000n\000t\000a\000j\000n\000e\000r\000i\000z\000\341\000c\000i\000a\000\040\000a\000\040\000E\000d\000g\000e\000\040\000a\000r\000c\000h\000i\000t\000e\000k\000t\000\372\000r\000a}{section.3}% 12
\BOOKMARK [3][]{subsubsection.14}{\376\377\000D\000o\000c\000k\000e\000r\000\040\000a\000\040\000D\000o\000c\000k\000e\000r\000\040\000C\000o\000m\000p\000o\000s\000e}{subsection.13}% 13
\BOOKMARK [2][]{subsection.15}{\376\377\000P\000r\000i\000e\000m\000y\000s\000e\000l\000n\000\351\000\040\000k\000o\000m\000u\000n\000i\000k\000a\001\015\000n\000\351\000\040\000p\000r\000o\000t\000o\000k\000o\000l\000y}{section.3}% 14
\BOOKMARK [3][]{subsubsection.16}{\376\377\000O\000P\000C\000\040\000U\000A\000\040\000\050\000O\000p\000e\000n\000\040\000P\000l\000a\000t\000f\000o\000r\000m\000\040\000C\000o\000m\000m\000u\000n\000i\000c\000a\000t\000i\000o\000n\000s\000\040\000U\000n\000i\000f\000i\000e\000d\000\040\000A\000r\000c\000h\000i\000t\000e\000c\000t\000u\000r\000e\000\051}{subsection.15}% 15
\BOOKMARK [3][]{subsubsection.17}{\376\377\000S\0007\000\040\000P\000r\000o\000t\000o\000k\000o\000l}{subsection.15}% 16
\BOOKMARK [3][]{subsubsection.18}{\376\377\000M\000Q\000T\000T\000\040\000\050\000M\000e\000s\000s\000a\000g\000e\000\040\000Q\000u\000e\000u\000i\000n\000g\000\040\000T\000e\000l\000e\000m\000e\000t\000r\000y\000\040\000T\000r\000a\000n\000s\000p\000o\000r\000t\000\051}{subsection.15}% 17
\BOOKMARK [3][]{subsubsection.19}{\376\377\000M\000o\000d\000b\000u\000s\000\040\000T\000C\000P}{subsection.15}% 18
\BOOKMARK [1][]{section.20}{\376\377\000T\000y\000p\000y\000\040\000i\000d\000e\000n\000t\000i\000f\000i\000k\000\341\000t\000o\000r\000o\000v\000\040\000a\000\040\000i\000c\000h\000\040\000p\000o\000u\001\176\000i\000t\000i\000e}{}% 19
\BOOKMARK [2][]{subsection.21}{\376\377\000Q\000R\000\040\000k\000\363\000d\000y}{section.20}% 20
\BOOKMARK [2][]{subsection.22}{\376\377\000F\000i\000d\000u\000c\000i\000\341\000l\000n\000e\000\040\000m\000a\000r\000k\000e\000r\000y\000\040\000-\000\040\000A\000p\000r\000i\000l\000T\000a\000g\000,\000\040\000A\000r\000U\000c\000o\000,\000\040\000S\000T\000a\000g}{section.20}% 21
\BOOKMARK [2][]{subsection.23}{\376\377\0003\000D\000\040\000i\000d\000e\000n\000t\000i\000f\000i\000k\000\341\000t\000o\000r\000y}{section.20}% 22
\BOOKMARK [3][]{subsubsection.24}{\376\377\000P\000r\000i\000n\000c\000\355\000p\000\040\000a\000\040\001\141\000t\000r\000u\000k\000t\000\372\000r\000a}{subsection.23}% 23
\BOOKMARK [1][]{section.25}{\376\377\001\140\000p\000e\000c\000i\000f\000i\000k\000\341\000c\000i\000a\000\040\000p\000o\001\176\000i\000a\000d\000a\000v\000i\000e\000k\000\040\000s\000y\000s\000t\000\351\000m\000u}{}% 24
\BOOKMARK [2][]{subsection.26}{\376\377\000P\000r\000e\000h\001\076\000a\000d\000\040\000s\000y\000s\000t\000\351\000m\000u}{section.25}% 25
\BOOKMARK [2][]{subsection.27}{\376\377\000P\000o\000p\000i\000s\000\040\000p\000o\000u\001\176\000\355\000v\000a\000t\000e\001\076\000s\000k\000\375\000c\000h\000\040\000r\000o\000l\000\355}{section.25}% 26
\BOOKMARK [2][]{subsection.28}{\376\377\000U\000s\000e\000-\000c\000a\000s\000e\000\040\000s\000c\000e\000n\000\341\000r\000e}{section.25}% 27
\BOOKMARK [2][]{subsection.29}{\376\377\000F\000u\000n\000k\000c\000i\000o\000n\000\341\000l\000n\000e\000\040\000p\000o\001\176\000i\000a\000d\000a\000v\000k\000y}{section.25}% 28
\BOOKMARK [2][]{subsection.30}{\376\377\000N\000e\000f\000u\000n\000k\000c\000i\000o\000n\000\341\000l\000n\000e\000\040\000p\000o\001\176\000i\000a\000d\000a\000v\000k\000y}{section.25}% 29
\BOOKMARK [2][]{subsection.31}{\376\377\000D\000o\000m\000\351\000n\000o\000v\000\351\000\040\000p\000o\001\176\000i\000a\000d\000a\000v\000k\000y}{section.25}% 30
\BOOKMARK [1][]{section.32}{\376\377\001\140\000t\000r\000u\000k\000t\000\372\000r\000a\000\040\000z\000\341\000v\000e\000r\000e\001\015\000n\000e\000j\000\040\000p\000r\000\341\000c\000e}{}% 31
\BOOKMARK [2][]{subsection.52}{\376\377\000\332\000v\000o\000d\000n\000\341\000\040\001\015\000a\000s\001\145\000\040\000p\000r\000\341\000c\000e}{section.32}% 32
\BOOKMARK [3][]{subsubsection.53}{\376\377\000O\000b\000\341\000l\000k\000a\000,\000\040\000t\000i\000t\000u\000l\000n\000\375\000\040\000l\000i\000s\000t\000,\000\040\000z\000a\000d\000a\000n\000i\000e}{subsection.52}% 33
\BOOKMARK [3][]{subsubsection.54}{\376\377\000P\000o\001\017\000a\000k\000o\000v\000a\000n\000i\000e}{subsection.52}% 34
\BOOKMARK [3][]{subsubsection.55}{\376\377\000S\000l\000o\000v\000e\000n\000s\000k\000\375\000\040\000a\000\040\000a\000n\000g\000l\000i\000c\000k\000\375\000\040\000a\000b\000s\000t\000r\000a\000k\000t}{subsection.52}% 35
\BOOKMARK [3][]{subsubsection.56}{\376\377\000O\000b\000s\000a\000h\000\040\000a\000\040\000z\000o\000z\000n\000a\000m\000y}{subsection.52}% 36
\BOOKMARK [2][]{subsection.59}{\376\377\000H\000l\000a\000v\000n\000\341\000\040\000t\000e\000x\000t\000o\000v\000\341\000\040\001\015\000a\000s\001\145}{section.32}% 37
\BOOKMARK [3][]{subsubsection.60}{\376\377\000\332\000v\000o\000d}{subsection.59}% 38
\BOOKMARK [3][]{subsubsection.61}{\376\377\000J\000a\000d\000r\000o}{subsection.59}% 39
\BOOKMARK [3][]{subsubsection.62}{\376\377\000Z\000\341\000v\000e\000r}{subsection.59}% 40
\BOOKMARK [3][]{subsubsection.65}{\376\377\000Z\000o\000z\000n\000a\000m\000\040\000p\000o\000u\001\176\000i\000t\000e\000j\000\040\000l\000i\000t\000e\000r\000a\000t\000\372\000r\000y}{subsection.59}% 41
\BOOKMARK [2][]{subsection.66}{\376\377\000Z\000\341\000v\000e\000r\000e\001\015\000n\000\341\000\040\001\015\000a\000s\001\145}{section.32}% 42
\BOOKMARK [1][]{section.67}{\376\377\000F\000o\000r\000m\000\341\000t\000\040\000a\000\040\000j\000a\000z\000y\000k}{}% 43
\BOOKMARK [2][]{subsection.68}{\376\377\000F\000o\000r\000m\000\341\000t\000\040\000d\000o\000k\000u\000m\000e\000n\000t\000u}{section.67}% 44
\BOOKMARK [2][]{subsection.69}{\376\377\000J\000a\000z\000y\000k\000\040\000a\000\040\000g\000r\000a\000m\000a\000t\000i\000k\000a}{section.67}% 45
\BOOKMARK [3][]{subsubsection.74}{\376\377\000D\000e\000l\000e\000n\000i\000e\000\040\000s\000l\000o\000v}{subsection.69}% 46
\BOOKMARK [3][]{subsubsection.75}{\376\377\000J\000e\000d\000n\000o\000p\000\355\000s\000m\000e\000n\000o\000v\000\351\000\040\000p\000r\000e\000d\000l\000o\001\176\000k\000y\000\040\000a\000\040\000s\000p\000o\000j\000k\000y}{subsection.69}% 47
\BOOKMARK [2][]{subsection.76}{\376\377\001\140\000t\000y\000l\000i\000s\000t\000i\000k\000a}{section.67}% 48
\BOOKMARK [2][]{subsection.77}{\376\377\000A\000n\000g\000l\000i\000c\000k\000\375\000\040\000j\000a\000z\000y\000k}{section.67}% 49
\BOOKMARK [2][]{subsection.78}{\376\377\000P\000o\000u\001\176\000i\000t\000i\000e\000\040\000u\000m\000e\000l\000e\000j\000\040\000i\000n\000t\000e\000l\000i\000g\000e\000n\000c\000i\000e}{section.67}% 50
\BOOKMARK [1][]{section.79}{\376\377\001\140\000p\000e\000c\000i\000\341\000l\000n\000e\000\040\000a\000\040\000n\000e\000t\000e\000x\000t\000o\000v\000\351\000\040\000o\000b\000j\000e\000k\000t\000y}{}% 51
\BOOKMARK [2][]{subsection.80}{\376\377\000M\000a\000t\000e\000m\000a\000t\000i\000c\000k\000\351\000\040\000r\000o\000v\000n\000i\000c\000e}{section.79}% 52
\BOOKMARK [3][]{subsubsection.81}{\376\377\000R\000o\000v\000n\000i\000c\000a\000\040\000v\000\040\000t\000e\000x\000t\000o\000v\000o\000m\000\040\000r\000i\000a\000d\000k\000u}{subsection.80}% 53
\BOOKMARK [3][]{subsubsection.82}{\376\377\000Z\000o\000b\000r\000a\000z\000e\000n\000\341\000\040\000r\000o\000v\000n\000i\000c\000a}{subsection.80}% 54
\BOOKMARK [3][]{subsubsection.84}{\376\377\000Z\000\341\000s\000a\000d\000y\000\040\000m\000a\000t\000e\000m\000a\000t\000i\000c\000k\000e\000j\000\040\000s\000a\000d\000z\000b\000y}{subsection.80}% 55
\BOOKMARK [2][]{subsection.89}{\376\377\000O\000b\000r\000\341\000z\000k\000y}{section.79}% 56
\BOOKMARK [3][]{subsubsection.91}{\376\377\000U\000m\000i\000e\000s\000t\000n\000e\000n\000i\000e\000\040\000o\000b\000r\000\341\000z\000k\000o\000v}{subsection.89}% 57
\BOOKMARK [3][]{subsubsection.92}{\376\377\000O\000z\000n\000a\001\015\000e\000n\000i\000e\000\040\000o\000b\000r\000\341\000z\000k\000u\000\040\000a\000\040\000t\000e\000x\000t\000\040\000p\000o\000d\000\040\000o\000b\000r\000\341\000z\000k\000o\000m}{subsection.89}% 58
\BOOKMARK [3][]{subsubsection.93}{\376\377\001\014\000\355\000s\000l\000o\000v\000a\000n\000i\000e\000\040\000a\000\040\000o\000d\000k\000a\000z\000y}{subsection.89}% 59
\BOOKMARK [2][]{subsection.94}{\376\377\000G\000r\000a\000f\000y}{section.79}% 60
\BOOKMARK [3][]{subsubsection.96}{\376\377\000F\000o\000r\000m\000\341\000t\000\040\000s\000\372\000b\000o\000r\000u}{subsection.94}% 61
\BOOKMARK [3][]{subsubsection.97}{\376\377\000P\000\355\000s\000m\000o\000\040\000a\000\040\000h\000r\000\372\000b\000k\000a\000\040\001\015\000i\000a\000r}{subsection.94}% 62
\BOOKMARK [3][]{subsubsection.98}{\376\377\000P\000r\000v\000k\000y\000\040\000g\000r\000a\000f\000u}{subsection.94}% 63
\BOOKMARK [3][]{subsubsection.99}{\376\377\000O\000z\000n\000a\001\015\000e\000n\000i\000e\000\040\000o\000s\000\355}{subsection.94}% 64
\BOOKMARK [3][]{subsubsection.100}{\376\377\000V\000i\000a\000c\000e\000r\000o\000\040\000g\000r\000a\000f\000o\000v\000\040\000v\000\040\000j\000e\000d\000n\000o\000m\000\040\000o\000b\000r\000\341\000z\000k\000u}{subsection.94}% 65
\BOOKMARK [2][]{subsection.101}{\376\377\000T\000a\000b\000u\001\076\000k\000y}{section.79}% 66
\BOOKMARK [3][]{subsubsection.103}{\376\377\000V\000z\000h\001\076\000a\000d\000\040\000t\000a\000b\000u\001\076\000k\000y}{subsection.101}% 67
\BOOKMARK [3][]{subsubsection.105}{\376\377\000O\000b\000s\000a\000h\000\040\000t\000a\000b\000u\001\076\000k\000y}{subsection.101}% 68
\BOOKMARK [2][]{subsection.106}{\376\377\000V\000\375\000p\000i\000s\000y\000\040\000k\000\363\000d\000o\000v\000\040\000p\000r\000o\000g\000r\000a\000m\000u\000\040\000a\000\040\000a\000l\000g\000o\000r\000i\000t\000m\000y}{section.79}% 69
\BOOKMARK [1][]{section.125}{\376\377\000C\000i\000t\000o\000v\000a\000n\000i\000e\000\040\000e\000x\000t\000e\000r\000n\000\375\000c\000h\000\040\000z\000d\000r\000o\000j\000o\000v}{}% 70
\BOOKMARK [2][]{subsection.126}{\376\377\000O\000d\000k\000a\000z\000y\000\040\000n\000a\000\040\000c\000i\000t\000o\000v\000a\000n\000\351\000\040\000d\000i\000e\000l\000a}{section.125}% 71
\BOOKMARK [2][]{subsection.127}{\376\377\000B\000i\000b\000l\000i\000o\000g\000r\000a\000f\000i\000c\000k\000\351\000\040\000z\000\341\000z\000n\000a\000m\000y}{section.125}% 72
\BOOKMARK [3][]{subsubsection.129}{\376\377\000P\000r\000\355\000k\000l\000a\000d\000\040\000z\000\341\000z\000n\000a\000m\000u\000\040\000v\000\040\000d\000a\000t\000a\000b\000\341\000z\000o\000v\000o\000m\000\040\000s\000\372\000b\000o\000r\000e\000\040\000.\000b\000i\000b}{subsection.127}% 73
\BOOKMARK [3][]{subsubsection.130}{\376\377\000P\000r\000v\000k\000y\000\040\000b\000i\000b\000l\000i\000o\000g\000r\000a\000f\000i\000c\000k\000\351\000h\000o\000\040\000z\000\341\000z\000n\000a\000m\000u}{subsection.127}% 74
\BOOKMARK [2][]{subsection.131}{\376\377\001\014\000l\000\341\000n\000o\000k\000\040\000v\000\040\000o\000d\000b\000o\000r\000n\000o\000m\000\040\000p\000e\000r\000i\000o\000d\000i\000k\000u}{section.125}% 75
\BOOKMARK [2][]{subsection.135}{\376\377\000M\000o\000n\000o\000g\000r\000a\000f\000i\000a\000\040\000a\000\040\000k\000n\000i\000h\000a}{section.125}% 76
\BOOKMARK [2][]{subsection.138}{\376\377\000Z\000\341\000v\000e\000r\000e\001\015\000n\000\341\000\040\000a\000\040\000v\000e\000d\000e\000c\000k\000o\000-\000k\000v\000a\000l\000i\000f\000i\000k\000a\001\015\000n\000\341\000\040\000p\000r\000\341\000c\000a\000,\000\040\000s\000p\000r\000\341\000v\000a}{section.125}% 77
\BOOKMARK [2][]{subsection.141}{\376\377\000P\000r\000\355\000s\000p\000e\000v\000o\000k\000\040\000v\000\040\000z\000b\000o\000r\000n\000\355\000k\000u\000\040\000k\000o\000n\000f\000e\000r\000e\000n\000c\000i\000e\000,\000\040\001\015\000a\000s\001\145\000\040\000k\000n\000i\000h\000y}{section.125}% 78
\BOOKMARK [2][]{subsection.144}{\376\377\000W\000e\000b\000o\000v\000\341\000\040\000s\000t\000r\000\341\000n\000k\000a\000,\000\040\000s\000o\000c\000i\000\341\000l\000n\000a\000\040\000s\000i\000e\001\145\000,\000\040\000v\000i\000d\000e\000o}{section.125}% 79
\BOOKMARK [2][]{subsection.147}{\376\377\000A\000k\000o\000\040\000c\000i\000t\000o\000v\000a\001\145\000\040\000t\000e\000c\000h\000n\000i\000c\000k\000\351\000\040\000n\000o\000r\000m\000y}{section.125}% 80
\BOOKMARK [1][]{section*.148}{\376\377\000Z\000\341\000v\000e\000r}{}% 81
\BOOKMARK [1][]{section*.149}{\376\377\000L\000i\000t\000e\000r\000a\000t\000\372\000r\000a}{}% 82
\BOOKMARK [2][]{section*.150}{\376\377\000P\000o\000u\001\176\000i\000t\000i\000e\000\040\000n\000\341\000s\000t\000r\000o\000j\000o\000v\000\040\000u\000m\000e\000l\000e\000j\000\040\000i\000n\000t\000e\000l\000i\000g\000e\000n\000c\000i\000e}{section*.149}% 83
\BOOKMARK [1][]{section.152}{\376\377\000A\000l\000g\000o\000r\000i\000t\000m\000u\000s}{}% 84
\BOOKMARK [1][]{section.173}{\376\377\000V\000\375\000p\000i\000s\000\040\000d\000l\000h\000\351\000h\000o\000\040\000k\000\363\000d\000u}{}% 85
\BOOKMARK [1][]{section.304}{\376\377\000S\000l\000o\000v\000n\000\355\001\015\000e\000k\000\040\000p\000o\000j\000m\000o\000v}{}% 86
