\BOOKMARK [1][]{section*.1}{\376\377\000\332\000v\000o\000d}{}% 1
\BOOKMARK [1][]{section.3}{\376\377\001\140\000p\000e\000c\000i\000f\000i\000k\000\341\000c\000i\000a\000\040\000p\000o\001\176\000i\000a\000d\000a\000v\000i\000e\000k\000\040\000s\000y\000s\000t\000\351\000m\000u}{}% 2
\BOOKMARK [2][]{subsection.4}{\376\377\000F\000u\000n\000k\000c\000i\000o\000n\000\341\000l\000n\000e\000\040\000p\000o\001\176\000i\000a\000d\000a\000v\000k\000y}{section.3}% 3
\BOOKMARK [2][]{subsection.5}{\376\377\000N\000e\000f\000u\000n\000k\000c\000i\000o\000n\000\341\000l\000n\000e\000\040\000p\000o\001\176\000i\000a\000d\000a\000v\000k\000y}{section.3}% 4
\BOOKMARK [2][]{subsection.6}{\376\377\000D\000o\000m\000\351\000n\000o\000v\000\351\000\040\000p\000o\001\176\000i\000a\000d\000a\000v\000k\000y}{section.3}% 5
\BOOKMARK [1][]{section.7}{\376\377\001\140\000t\000r\000u\000k\000t\000\372\000r\000a\000\040\000z\000\341\000v\000e\000r\000e\001\015\000n\000e\000j\000\040\000p\000r\000\341\000c\000e}{}% 6
\BOOKMARK [2][]{subsection.27}{\376\377\000\332\000v\000o\000d\000n\000\341\000\040\001\015\000a\000s\001\145\000\040\000p\000r\000\341\000c\000e}{section.7}% 7
\BOOKMARK [3][]{subsubsection.28}{\376\377\000O\000b\000\341\000l\000k\000a\000,\000\040\000t\000i\000t\000u\000l\000n\000\375\000\040\000l\000i\000s\000t\000,\000\040\000z\000a\000d\000a\000n\000i\000e}{subsection.27}% 8
\BOOKMARK [3][]{subsubsection.29}{\376\377\000P\000o\001\017\000a\000k\000o\000v\000a\000n\000i\000e}{subsection.27}% 9
\BOOKMARK [3][]{subsubsection.30}{\376\377\000S\000l\000o\000v\000e\000n\000s\000k\000\375\000\040\000a\000\040\000a\000n\000g\000l\000i\000c\000k\000\375\000\040\000a\000b\000s\000t\000r\000a\000k\000t}{subsection.27}% 10
\BOOKMARK [3][]{subsubsection.31}{\376\377\000O\000b\000s\000a\000h\000\040\000a\000\040\000z\000o\000z\000n\000a\000m\000y}{subsection.27}% 11
\BOOKMARK [2][]{subsection.34}{\376\377\000H\000l\000a\000v\000n\000\341\000\040\000t\000e\000x\000t\000o\000v\000\341\000\040\001\015\000a\000s\001\145}{section.7}% 12
\BOOKMARK [3][]{subsubsection.35}{\376\377\000\332\000v\000o\000d}{subsection.34}% 13
\BOOKMARK [3][]{subsubsection.36}{\376\377\000J\000a\000d\000r\000o}{subsection.34}% 14
\BOOKMARK [3][]{subsubsection.37}{\376\377\000Z\000\341\000v\000e\000r}{subsection.34}% 15
\BOOKMARK [3][]{subsubsection.40}{\376\377\000Z\000o\000z\000n\000a\000m\000\040\000p\000o\000u\001\176\000i\000t\000e\000j\000\040\000l\000i\000t\000e\000r\000a\000t\000\372\000r\000y}{subsection.34}% 16
\BOOKMARK [2][]{subsection.41}{\376\377\000Z\000\341\000v\000e\000r\000e\001\015\000n\000\341\000\040\001\015\000a\000s\001\145}{section.7}% 17
\BOOKMARK [1][]{section.42}{\376\377\000F\000o\000r\000m\000\341\000t\000\040\000a\000\040\000j\000a\000z\000y\000k}{}% 18
\BOOKMARK [2][]{subsection.43}{\376\377\000F\000o\000r\000m\000\341\000t\000\040\000d\000o\000k\000u\000m\000e\000n\000t\000u}{section.42}% 19
\BOOKMARK [2][]{subsection.44}{\376\377\000J\000a\000z\000y\000k\000\040\000a\000\040\000g\000r\000a\000m\000a\000t\000i\000k\000a}{section.42}% 20
\BOOKMARK [3][]{subsubsection.49}{\376\377\000D\000e\000l\000e\000n\000i\000e\000\040\000s\000l\000o\000v}{subsection.44}% 21
\BOOKMARK [3][]{subsubsection.50}{\376\377\000J\000e\000d\000n\000o\000p\000\355\000s\000m\000e\000n\000o\000v\000\351\000\040\000p\000r\000e\000d\000l\000o\001\176\000k\000y\000\040\000a\000\040\000s\000p\000o\000j\000k\000y}{subsection.44}% 22
\BOOKMARK [2][]{subsection.51}{\376\377\001\140\000t\000y\000l\000i\000s\000t\000i\000k\000a}{section.42}% 23
\BOOKMARK [2][]{subsection.52}{\376\377\000A\000n\000g\000l\000i\000c\000k\000\375\000\040\000j\000a\000z\000y\000k}{section.42}% 24
\BOOKMARK [2][]{subsection.53}{\376\377\000P\000o\000u\001\176\000i\000t\000i\000e\000\040\000u\000m\000e\000l\000e\000j\000\040\000i\000n\000t\000e\000l\000i\000g\000e\000n\000c\000i\000e}{section.42}% 25
\BOOKMARK [1][]{section.54}{\376\377\001\140\000p\000e\000c\000i\000\341\000l\000n\000e\000\040\000a\000\040\000n\000e\000t\000e\000x\000t\000o\000v\000\351\000\040\000o\000b\000j\000e\000k\000t\000y}{}% 26
\BOOKMARK [2][]{subsection.55}{\376\377\000M\000a\000t\000e\000m\000a\000t\000i\000c\000k\000\351\000\040\000r\000o\000v\000n\000i\000c\000e}{section.54}% 27
\BOOKMARK [3][]{subsubsection.56}{\376\377\000R\000o\000v\000n\000i\000c\000a\000\040\000v\000\040\000t\000e\000x\000t\000o\000v\000o\000m\000\040\000r\000i\000a\000d\000k\000u}{subsection.55}% 28
\BOOKMARK [3][]{subsubsection.57}{\376\377\000Z\000o\000b\000r\000a\000z\000e\000n\000\341\000\040\000r\000o\000v\000n\000i\000c\000a}{subsection.55}% 29
\BOOKMARK [3][]{subsubsection.59}{\376\377\000Z\000\341\000s\000a\000d\000y\000\040\000m\000a\000t\000e\000m\000a\000t\000i\000c\000k\000e\000j\000\040\000s\000a\000d\000z\000b\000y}{subsection.55}% 30
\BOOKMARK [2][]{subsection.64}{\376\377\000O\000b\000r\000\341\000z\000k\000y}{section.54}% 31
\BOOKMARK [3][]{subsubsection.66}{\376\377\000U\000m\000i\000e\000s\000t\000n\000e\000n\000i\000e\000\040\000o\000b\000r\000\341\000z\000k\000o\000v}{subsection.64}% 32
\BOOKMARK [3][]{subsubsection.67}{\376\377\000O\000z\000n\000a\001\015\000e\000n\000i\000e\000\040\000o\000b\000r\000\341\000z\000k\000u\000\040\000a\000\040\000t\000e\000x\000t\000\040\000p\000o\000d\000\040\000o\000b\000r\000\341\000z\000k\000o\000m}{subsection.64}% 33
\BOOKMARK [3][]{subsubsection.68}{\376\377\001\014\000\355\000s\000l\000o\000v\000a\000n\000i\000e\000\040\000a\000\040\000o\000d\000k\000a\000z\000y}{subsection.64}% 34
\BOOKMARK [2][]{subsection.69}{\376\377\000G\000r\000a\000f\000y}{section.54}% 35
\BOOKMARK [3][]{subsubsection.71}{\376\377\000F\000o\000r\000m\000\341\000t\000\040\000s\000\372\000b\000o\000r\000u}{subsection.69}% 36
\BOOKMARK [3][]{subsubsection.72}{\376\377\000P\000\355\000s\000m\000o\000\040\000a\000\040\000h\000r\000\372\000b\000k\000a\000\040\001\015\000i\000a\000r}{subsection.69}% 37
\BOOKMARK [3][]{subsubsection.73}{\376\377\000P\000r\000v\000k\000y\000\040\000g\000r\000a\000f\000u}{subsection.69}% 38
\BOOKMARK [3][]{subsubsection.74}{\376\377\000O\000z\000n\000a\001\015\000e\000n\000i\000e\000\040\000o\000s\000\355}{subsection.69}% 39
\BOOKMARK [3][]{subsubsection.75}{\376\377\000V\000i\000a\000c\000e\000r\000o\000\040\000g\000r\000a\000f\000o\000v\000\040\000v\000\040\000j\000e\000d\000n\000o\000m\000\040\000o\000b\000r\000\341\000z\000k\000u}{subsection.69}% 40
\BOOKMARK [2][]{subsection.76}{\376\377\000T\000a\000b\000u\001\076\000k\000y}{section.54}% 41
\BOOKMARK [3][]{subsubsection.78}{\376\377\000V\000z\000h\001\076\000a\000d\000\040\000t\000a\000b\000u\001\076\000k\000y}{subsection.76}% 42
\BOOKMARK [3][]{subsubsection.80}{\376\377\000O\000b\000s\000a\000h\000\040\000t\000a\000b\000u\001\076\000k\000y}{subsection.76}% 43
\BOOKMARK [2][]{subsection.81}{\376\377\000V\000\375\000p\000i\000s\000y\000\040\000k\000\363\000d\000o\000v\000\040\000p\000r\000o\000g\000r\000a\000m\000u\000\040\000a\000\040\000a\000l\000g\000o\000r\000i\000t\000m\000y}{section.54}% 44
\BOOKMARK [1][]{section.100}{\376\377\000C\000i\000t\000o\000v\000a\000n\000i\000e\000\040\000e\000x\000t\000e\000r\000n\000\375\000c\000h\000\040\000z\000d\000r\000o\000j\000o\000v}{}% 45
\BOOKMARK [2][]{subsection.101}{\376\377\000O\000d\000k\000a\000z\000y\000\040\000n\000a\000\040\000c\000i\000t\000o\000v\000a\000n\000\351\000\040\000d\000i\000e\000l\000a}{section.100}% 46
\BOOKMARK [2][]{subsection.102}{\376\377\000B\000i\000b\000l\000i\000o\000g\000r\000a\000f\000i\000c\000k\000\351\000\040\000z\000\341\000z\000n\000a\000m\000y}{section.100}% 47
\BOOKMARK [3][]{subsubsection.104}{\376\377\000P\000r\000\355\000k\000l\000a\000d\000\040\000z\000\341\000z\000n\000a\000m\000u\000\040\000v\000\040\000d\000a\000t\000a\000b\000\341\000z\000o\000v\000o\000m\000\040\000s\000\372\000b\000o\000r\000e\000\040\000.\000b\000i\000b}{subsection.102}% 48
\BOOKMARK [3][]{subsubsection.105}{\376\377\000P\000r\000v\000k\000y\000\040\000b\000i\000b\000l\000i\000o\000g\000r\000a\000f\000i\000c\000k\000\351\000h\000o\000\040\000z\000\341\000z\000n\000a\000m\000u}{subsection.102}% 49
\BOOKMARK [2][]{subsection.106}{\376\377\001\014\000l\000\341\000n\000o\000k\000\040\000v\000\040\000o\000d\000b\000o\000r\000n\000o\000m\000\040\000p\000e\000r\000i\000o\000d\000i\000k\000u}{section.100}% 50
\BOOKMARK [2][]{subsection.110}{\376\377\000M\000o\000n\000o\000g\000r\000a\000f\000i\000a\000\040\000a\000\040\000k\000n\000i\000h\000a}{section.100}% 51
\BOOKMARK [2][]{subsection.113}{\376\377\000Z\000\341\000v\000e\000r\000e\001\015\000n\000\341\000\040\000a\000\040\000v\000e\000d\000e\000c\000k\000o\000-\000k\000v\000a\000l\000i\000f\000i\000k\000a\001\015\000n\000\341\000\040\000p\000r\000\341\000c\000a\000,\000\040\000s\000p\000r\000\341\000v\000a}{section.100}% 52
\BOOKMARK [2][]{subsection.116}{\376\377\000P\000r\000\355\000s\000p\000e\000v\000o\000k\000\040\000v\000\040\000z\000b\000o\000r\000n\000\355\000k\000u\000\040\000k\000o\000n\000f\000e\000r\000e\000n\000c\000i\000e\000,\000\040\001\015\000a\000s\001\145\000\040\000k\000n\000i\000h\000y}{section.100}% 53
\BOOKMARK [2][]{subsection.119}{\376\377\000W\000e\000b\000o\000v\000\341\000\040\000s\000t\000r\000\341\000n\000k\000a\000,\000\040\000s\000o\000c\000i\000\341\000l\000n\000a\000\040\000s\000i\000e\001\145\000,\000\040\000v\000i\000d\000e\000o}{section.100}% 54
\BOOKMARK [2][]{subsection.122}{\376\377\000A\000k\000o\000\040\000c\000i\000t\000o\000v\000a\001\145\000\040\000t\000e\000c\000h\000n\000i\000c\000k\000\351\000\040\000n\000o\000r\000m\000y}{section.100}% 55
\BOOKMARK [1][]{section*.123}{\376\377\000Z\000\341\000v\000e\000r}{}% 56
\BOOKMARK [1][]{section*.124}{\376\377\000L\000i\000t\000e\000r\000a\000t\000\372\000r\000a}{}% 57
\BOOKMARK [2][]{section*.125}{\376\377\000P\000o\000u\001\176\000i\000t\000i\000e\000\040\000n\000\341\000s\000t\000r\000o\000j\000o\000v\000\040\000u\000m\000e\000l\000e\000j\000\040\000i\000n\000t\000e\000l\000i\000g\000e\000n\000c\000i\000e}{section*.124}% 58
\BOOKMARK [1][]{section.127}{\376\377\000A\000l\000g\000o\000r\000i\000t\000m\000u\000s}{}% 59
\BOOKMARK [1][]{section.148}{\376\377\000V\000\375\000p\000i\000s\000\040\000d\000l\000h\000\351\000h\000o\000\040\000k\000\363\000d\000u}{}% 60
\BOOKMARK [1][]{section.279}{\376\377\000S\000l\000o\000v\000n\000\355\001\015\000e\000k\000\040\000p\000o\000j\000m\000o\000v}{}% 61
